// Jest Snapshot v1, https://goo.gl/fbAQLP

exports[`MovieDetails should match snapshot 1`] = `
<div>
  <div
    className="movie-details"
  >
    <img
      alt="movie poster"
      src="https://image.tmdb.org/t/p/w500undefined"
    />
    <div
      className="movie-info"
    >
      <Link
        to="/"
      >
        <button
          className="back-btn-fave"
        >
          Back To Movies
        </button>
      </Link>
      <h2
        className="sub-header"
      />
      <h3>
        Rating: 
      </h3>
      <h3>
        Release Date: 
      </h3>
    </div>
  </div>
</div>
`;

exports[`MovieDetails should match snapshot when there is a selected movie 1`] = `
<div>
  <div
    className="movie-details"
  >
    <img
      alt="movie poster"
      src="https://image.tmdb.org/t/p/w500undefined"
    />
    <div
      className="movie-info"
    >
      <Link
        to="/"
      >
        <button
          className="back-btn-fave"
        >
          Back To Movies
        </button>
      </Link>
      <h2
        className="sub-header"
      />
      <h3>
        Rating: 
      </h3>
      <h3>
        Release Date: 
      </h3>
    </div>
  </div>
</div>
`;
